
> zingo@0.1.0 build
> next build

Γû▓ Next.js 16.1.6 (Turbopack)

